.\venv\Scripts\python.exe : 
test_apify_build_input (__main__.TestOutb
oundPipeline.test_apify_build_input) ... 
FAIL
At line:1 char:1
+ .\venv\Scripts\python.exe 
test_outbound.py -v > test_output.txt 
2>&1
+ ~~~~~~~~~~~~~~~~~~~~~~~~~~~~~~~~~~~~~~~
~~~~~~~~~~~~~~~~~~~~~~~~~~~~~
    + CategoryInfo          : NotSpecifi 
   ed: (test_apify_buil...input) ... FA  
  IL:String) [], RemoteException
    + FullyQualifiedErrorId : NativeComm 
   andError
 
test_extract_email (__main__.TestOutbound
Pipeline.test_extract_email) ... ok
test_extract_name (__main__.TestOutboundP
ipeline.test_extract_name) ... ok
test_extract_summary (__main__.TestOutbou
ndPipeline.test_extract_summary) ... ok
2026-03-28 15:20:22 | INFO     | Initialising Email Warmup Engine à
2026-03-28 15:20:22 | CRITICAL | RESEND_API_KEY not found in environment. Add it to your .env file and try again.
test_warmup_engine_volume (__main__.TestO
utboundPipeline.test_warmup_engine_volume
) ... ERROR

=========================================
=============================
ERROR: test_warmup_engine_volume (__main_
_.TestOutboundPipeline.test_warmup_engine
_volume)
-----------------------------------------
-----------------------------
Traceback (most recent call last):
  File 
"C:\Python314\Lib\unittest\mock.py", 
line 1432, in patched
    return func(*newargs, **newkeywargs)
  File "C:\Users\Zeetha Robotics\Document
s\Vectra-Automation\OutboundScript\test_o
utbound.py", line 53, in 
test_warmup_engine_volume
    engine = EmailWarmupEngine()
  File "C:\Users\Zeetha Robotics\Document
s\Vectra-Automation\OutboundScript\Email_
Warmup_Engine\warmup_engine.py", line 
78, in __init__
    sys.exit(1)
    ~~~~~~~~^^^
SystemExit: 1

=========================================
=============================
FAIL: test_apify_build_input (__main__.Te
stOutboundPipeline.test_apify_build_input
)
-----------------------------------------
-----------------------------
Traceback (most recent call last):
  File "C:\Users\Zeetha Robotics\Document
s\Vectra-Automation\OutboundScript\test_o
utbound.py", line 67, in 
test_apify_build_input
    self.assertEqual(actor_input["maxCraw
ledPlacesPerSearch"], 100)
    ~~~~~~~~~~~~~~~~^^^^^^^^^^^^^^^^^^^^^
^^^^^^^^^^^^^^^^^^^^^^^^^^
AssertionError: 50 != 100

-----------------------------------------
-----------------------------
Ran 5 tests in 0.013s

FAILED (failures=1, errors=1)
